Copyright 1986-2022 Xilinx, Inc. All Rights Reserved. Copyright 2022-2023 Advanced Micro Devices, Inc. All Rights Reserved.
---------------------------------------------------------------------------------------------------------------------------------------------
| Tool Version : Vivado v.2023.1 (win64) Build 3865809 Sun May  7 15:05:29 MDT 2023
| Date         : Fri Dec 29 10:26:23 2023
| Host         : DESKTOP-J4EFGFU running 64-bit major release  (build 9200)
| Command      : report_control_sets -verbose -file main_control_sets_placed.rpt
| Design       : main
| Device       : xc7a35ti
---------------------------------------------------------------------------------------------------------------------------------------------

Control Set Information

Table of Contents
-----------------
1. Summary
2. Histogram
3. Flip-Flop Distribution
4. Detailed Control Set Information

1. Summary
----------

+----------------------------------------------------------+-------+
|                          Status                          | Count |
+----------------------------------------------------------+-------+
| Total control sets                                       |   149 |
|    Minimum number of control sets                        |   149 |
|    Addition due to synthesis replication                 |     0 |
|    Addition due to physical synthesis replication        |     0 |
| Unused register locations in slices containing registers |   132 |
+----------------------------------------------------------+-------+
* Control sets can be merged at opt_design using control_set_merge or merge_equivalent_drivers
** Run report_qor_suggestions for automated merging and remapping suggestions


2. Histogram
------------

+--------------------+-------+
|       Fanout       | Count |
+--------------------+-------+
| Total control sets |   149 |
| >= 0 to < 4        |     2 |
| >= 4 to < 6        |     5 |
| >= 6 to < 8        |     2 |
| >= 8 to < 10       |     2 |
| >= 10 to < 12      |     3 |
| >= 12 to < 14      |    13 |
| >= 14 to < 16      |     1 |
| >= 16              |   121 |
+--------------------+-------+
* Control sets can be remapped at either synth_design or opt_design


3. Flip-Flop Distribution
-------------------------

+--------------+-----------------------+------------------------+-----------------+--------------+
| Clock Enable | Synchronous Set/Reset | Asynchronous Set/Reset | Total Registers | Total Slices |
+--------------+-----------------------+------------------------+-----------------+--------------+
| No           | No                    | No                     |              52 |           24 |
| No           | No                    | Yes                    |               0 |            0 |
| No           | Yes                   | No                     |             579 |          255 |
| Yes          | No                    | No                     |             144 |           59 |
| Yes          | No                    | Yes                    |               0 |            0 |
| Yes          | Yes                   | No                     |             357 |          154 |
+--------------+-----------------------+------------------------+-----------------+--------------+


4. Detailed Control Set Information
-----------------------------------

+-------------------+----------------------------------------+-----------------------------------+------------------+----------------+--------------+
|    Clock Signal   |              Enable Signal             |          Set/Reset Signal         | Slice Load Count | Bel Load Count | Bels / Slice |
+-------------------+----------------------------------------+-----------------------------------+------------------+----------------+--------------+
|  clk_divider0/CLK |                                        |                                   |                1 |              1 |         1.00 |
|  clk_divider0/CLK |                                        | vs0/clk_wait1                     |                1 |              2 |         2.00 |
|  clk_IBUF_BUFG    | BALL_HPOS_R_NXT[31]_i_1_n_0            | BALL_HPOS_R_NXT[4]_i_1_n_0        |                4 |              4 |         1.00 |
|  clk_IBUF_BUFG    | now_s2[3]_i_2_n_0                      | btn_db0/SR[0]                     |                1 |              4 |         4.00 |
|  clk_IBUF_BUFG    | now_s1[3]_i_1_n_0                      | btn_db0/SR[0]                     |                1 |              4 |         4.00 |
|  clk_IBUF_BUFG    | BALL_HPOS_R_NXT[31]_i_1_n_0            | BALL_HPOS_R_NXT[3]_i_1_n_0        |                4 |              4 |         1.00 |
|  clk_IBUF_BUFG    | speed_x[4]_i_1_n_0                     |                                   |                2 |              5 |         2.50 |
|  clk_IBUF_BUFG    | clk_ball[31]_i_2_n_0                   | clk_ball[31]_i_1_n_0              |                1 |              6 |         6.00 |
|  clk_IBUF_BUFG    |                                        | vs0/clk_wait1                     |                7 |              7 |         1.00 |
|  clk_IBUF_BUFG    |                                        | clk_divider0/counter[7]_i_1_n_0   |                3 |              8 |         2.67 |
|  clk_IBUF_BUFG    | btn_db1/usr_sw[0]                      | btn_db1/P_reg[2]                  |                8 |              9 |         1.12 |
|  clk_divider0/CLK | vs0/pixel_tick                         | vs0/h_count_reg[9]_i_1_n_0        |                4 |             10 |         2.50 |
|  clk_divider0/CLK | vs0/v_count_reg[9]_i_2_n_0             | vs0/v_count_reg[9]_i_1_n_0        |                3 |             10 |         3.33 |
|  clk_IBUF_BUFG    | BALL_HPOS_R[8]_i_1_n_0                 |                                   |                5 |             10 |         2.00 |
|  clk_IBUF_BUFG    | ram4/RAM_reg_0_15_0_0_i_1__0_n_0       |                                   |                3 |             12 |         4.00 |
|  clk_IBUF_BUFG    | ram10/RAM_reg_0_15_0_0__0_i_1__1_n_0   |                                   |                3 |             12 |         4.00 |
|  clk_IBUF_BUFG    | ram9/RAM_reg_0_15_0_0_i_1__3_n_0       |                                   |                3 |             12 |         4.00 |
|  clk_IBUF_BUFG    | ram10/RAM_reg_0_15_0_0_i_1__4_n_0      |                                   |                3 |             12 |         4.00 |
|  clk_IBUF_BUFG    | ram5/RAM_reg_0_15_0_0_i_1__1_n_0       |                                   |                3 |             12 |         4.00 |
|  clk_IBUF_BUFG    | vs0/pixel_tick                         | vs0/SR[0]                         |                6 |             12 |         2.00 |
|  clk_IBUF_BUFG    | ram3/RAM_reg_0_15_0_0__0_i_1_n_0       |                                   |                3 |             12 |         4.00 |
|  clk_IBUF_BUFG    | ram8/RAM_reg_0_15_0_0_i_1__2_n_0       |                                   |                3 |             12 |         4.00 |
|  clk_IBUF_BUFG    | ram3/RAM_reg_0_15_0_0_i_1_n_0          |                                   |                3 |             12 |         4.00 |
|  clk_IBUF_BUFG    | ram8/RAM_reg_0_63_0_0_i_1_n_0          |                                   |                3 |             12 |         4.00 |
|  clk_IBUF_BUFG    | ram9/RAM_reg_0_15_0_0__0_i_1__0_n_0    |                                   |                3 |             12 |         4.00 |
|  clk_IBUF_BUFG    | ram9/RAM_reg_0_31_0_0_i_1_n_0          |                                   |                3 |             12 |         4.00 |
|  clk_IBUF_BUFG    | ram9/RAM_reg_0_63_0_0_i_1__0_n_0       |                                   |                3 |             12 |         4.00 |
|  clk_IBUF_BUFG    | vs0/E[0]                               | vs0/clk_wait1                     |                4 |             14 |         3.50 |
|  clk_IBUF_BUFG    |                                        | btn_db0/counter[0]_i_1__2_n_0     |                5 |             19 |         3.80 |
|  clk_IBUF_BUFG    |                                        | btn_db2/counter[0]_i_1__3_n_0     |                5 |             19 |         3.80 |
|  clk_IBUF_BUFG    | ram4/RAM_reg_0_127_0_0_i_1__0_n_0      |                                   |                6 |             24 |         4.00 |
|  clk_IBUF_BUFG    | ram5/RAM_reg_0_127_0_0_i_1__1_n_0      |                                   |                6 |             24 |         4.00 |
|  clk_IBUF_BUFG    | ram9/RAM_reg_0_127_0_0_i_1__4_n_0      |                                   |                6 |             24 |         4.00 |
|  clk_IBUF_BUFG    | ram6/RAM_reg_0_127_0_0_i_1__2_n_0      |                                   |               12 |             24 |         2.00 |
|  clk_IBUF_BUFG    | BALL_HPOS_R_NXT[31]_i_1_n_0            | BALL_HPOS_L_NXT[31]_i_1_n_0       |               21 |             24 |         1.14 |
|  clk_IBUF_BUFG    | ram3/RAM_reg_0_127_0_0_i_1_n_0         |                                   |                6 |             24 |         4.00 |
|  clk_IBUF_BUFG    | ram7/RAM_reg_0_127_0_0_i_1__3_n_0      |                                   |               12 |             24 |         2.00 |
|  clk_IBUF_BUFG    | clk_ball[25]_i_1_n_0                   | clk_ball[31]_i_1_n_0              |                9 |             26 |         2.89 |
|  clk_IBUF_BUFG    |                                        | clk_pika[0]_i_1_n_0               |                7 |             26 |         3.71 |
|  clk_IBUF_BUFG    | BALL_HPOS_R_NXT[31]_i_1_n_0            | BALL_VPOS_TOP0                    |                7 |             26 |         3.71 |
|  clk_IBUF_BUFG    |                                        | clk_pika_bot[0]_i_1_n_0           |                7 |             26 |         3.71 |
|  clk_IBUF_BUFG    | speed_x[4]_i_1_n_0                     | speed_x[31]_i_1_n_0               |                6 |             27 |         4.50 |
|  clk_IBUF_BUFG    |                                        | clk_cloud2[0]_i_1_n_0             |                8 |             30 |         3.75 |
|  clk_IBUF_BUFG    |                                        | btn_db1/clear                     |                8 |             30 |         3.75 |
|  clk_IBUF_BUFG    |                                        | btn_db3/clear                     |                8 |             30 |         3.75 |
|  clk_IBUF_BUFG    | speed_y[31]_i_2_n_0                    | clk_ball1                         |               12 |             30 |         2.50 |
|  clk_IBUF_BUFG    | BALL_HPOS_R                            | BALL_VPOS_TOP0                    |               18 |             31 |         1.72 |
|  clk_IBUF_BUFG    | is_smashing                            | btn_db3/smash_cnt_down_reg_4_sn_1 |                8 |             32 |         4.00 |
|  clk_IBUF_BUFG    |                                        | clk_wait[0]_i_1_n_0               |                8 |             32 |         4.00 |
|  clk_IBUF_BUFG    |                                        | BALL_VPOS_TOP0                    |               13 |             32 |         2.46 |
|  clk_IBUF_BUFG    |                                        | clk_cloud1[0]_i_1_n_0             |                8 |             32 |         4.00 |
|  clk_IBUF_BUFG    | PIKA_BOT_HPOS_R                        | BALL_VPOS_TOP0                    |                8 |             32 |         4.00 |
|  clk_IBUF_BUFG    | BALL_HPOS_R_NXT[31]_i_1_n_0            |                                   |               28 |             33 |         1.18 |
|  clk_IBUF_BUFG    | ram3/RAM_reg_2560_2815_0_0_i_1_n_0     |                                   |               12 |             48 |         4.00 |
|  clk_IBUF_BUFG    | ram3/RAM_reg_1536_1791_0_0_i_1_n_0     |                                   |               12 |             48 |         4.00 |
|  clk_IBUF_BUFG    | ram3/RAM_reg_0_255_0_0_i_1_n_0         |                                   |               12 |             48 |         4.00 |
|  clk_IBUF_BUFG    | ram3/RAM_reg_1280_1535_0_0_i_1_n_0     |                                   |               12 |             48 |         4.00 |
|  clk_IBUF_BUFG    | ram3/RAM_reg_1024_1279_0_0_i_1_n_0     |                                   |               12 |             48 |         4.00 |
|  clk_IBUF_BUFG    | ram3/RAM_reg_2048_2303_0_0_i_1_n_0     |                                   |               12 |             48 |         4.00 |
|  clk_IBUF_BUFG    | ram4/RAM_reg_0_255_0_0_i_1__0_n_0      |                                   |               12 |             48 |         4.00 |
|  clk_IBUF_BUFG    | ram3/RAM_reg_1792_2047_0_0_i_1_n_0     |                                   |               12 |             48 |         4.00 |
|  clk_IBUF_BUFG    | ram3/RAM_reg_2304_2559_0_0_i_1_n_0     |                                   |               12 |             48 |         4.00 |
|  clk_IBUF_BUFG    | ram3/RAM_reg_3328_3583_0_0_i_1_n_0     |                                   |               12 |             48 |         4.00 |
|  clk_IBUF_BUFG    | ram3/RAM_reg_3072_3327_0_0_i_1_n_0     |                                   |               12 |             48 |         4.00 |
|  clk_IBUF_BUFG    | ram3/RAM_reg_3584_3839_0_0_i_1_n_0     |                                   |               12 |             48 |         4.00 |
|  clk_IBUF_BUFG    | ram3/RAM_reg_2816_3071_0_0_i_1_n_0     |                                   |               12 |             48 |         4.00 |
|  clk_IBUF_BUFG    | ram3/RAM_reg_256_511_0_0_i_1_n_0       |                                   |               12 |             48 |         4.00 |
|  clk_IBUF_BUFG    | ram3/RAM_reg_4096_4351_0_0_i_1_n_0     |                                   |               12 |             48 |         4.00 |
|  clk_IBUF_BUFG    | ram3/RAM_reg_512_767_0_0_i_1_n_0       |                                   |               12 |             48 |         4.00 |
|  clk_IBUF_BUFG    | ram3/RAM_reg_768_1023_0_0_i_1_n_0      |                                   |               12 |             48 |         4.00 |
|  clk_IBUF_BUFG    | ram3/RAM_reg_3840_4095_0_0_i_1_n_0     |                                   |               12 |             48 |         4.00 |
|  clk_IBUF_BUFG    | ram4/RAM_reg_256_511_0_0_i_1__0_n_0    |                                   |               12 |             48 |         4.00 |
|  clk_IBUF_BUFG    | ram4/RAM_reg_512_767_0_0_i_1__0_n_0    |                                   |               12 |             48 |         4.00 |
|  clk_IBUF_BUFG    | ram5/RAM_reg_0_255_0_0_i_1__1_n_0      |                                   |               12 |             48 |         4.00 |
|  clk_IBUF_BUFG    | ram5/RAM_reg_256_511_0_0_i_1__1_n_0    |                                   |               12 |             48 |         4.00 |
|  clk_IBUF_BUFG    | ram7/RAM_reg_0_255_0_0_i_1__3_n_0      |                                   |               12 |             48 |         4.00 |
|  clk_IBUF_BUFG    | ram7/RAM_reg_1280_1535_0_0_i_1__1_n_0  |                                   |               12 |             48 |         4.00 |
|  clk_IBUF_BUFG    | ram7/RAM_reg_1024_1279_0_0_i_1__1_n_0  |                                   |               12 |             48 |         4.00 |
|  clk_IBUF_BUFG    | ram7/RAM_reg_1792_2047_0_0_i_1__1_n_0  |                                   |               12 |             48 |         4.00 |
|  clk_IBUF_BUFG    | ram7/RAM_reg_2304_2559_0_0_i_1__1_n_0  |                                   |               12 |             48 |         4.00 |
|  clk_IBUF_BUFG    | ram7/RAM_reg_2560_2815_0_0_i_1__1_n_0  |                                   |               12 |             48 |         4.00 |
|  clk_IBUF_BUFG    | ram7/RAM_reg_2048_2303_0_0_i_1__1_n_0  |                                   |               12 |             48 |         4.00 |
|  clk_IBUF_BUFG    | ram7/RAM_reg_1536_1791_0_0_i_1__1_n_0  |                                   |               12 |             48 |         4.00 |
|  clk_IBUF_BUFG    | ram7/RAM_reg_256_511_0_0_i_1__3_n_0    |                                   |               12 |             48 |         4.00 |
|  clk_IBUF_BUFG    | ram6/RAM_reg_512_767_0_0_i_1__2_n_0    |                                   |               12 |             48 |         4.00 |
|  clk_IBUF_BUFG    | ram6/RAM_reg_5376_5631_0_0_i_1_n_0     |                                   |               12 |             48 |         4.00 |
|  clk_IBUF_BUFG    | ram6/RAM_reg_768_1023_0_0_i_1__0_n_0   |                                   |               12 |             48 |         4.00 |
|  clk_IBUF_BUFG    | ram10/RAM_reg_1280_1535_0_0_i_1__3_n_0 |                                   |               12 |             48 |         4.00 |
|  clk_IBUF_BUFG    | ram10/RAM_reg_1536_1791_0_0_i_1__3_n_0 |                                   |               12 |             48 |         4.00 |
|  clk_IBUF_BUFG    | ram10/RAM_reg_1024_1279_0_0_i_1__3_n_0 |                                   |               12 |             48 |         4.00 |
|  clk_IBUF_BUFG    | ram6/RAM_reg_5120_5375_0_0_i_1_n_0     |                                   |               12 |             48 |         4.00 |
|  clk_IBUF_BUFG    | ram10/RAM_reg_0_255_0_0_i_1__6_n_0     |                                   |               12 |             48 |         4.00 |
|  clk_IBUF_BUFG    | ram10/RAM_reg_2560_2815_0_0_i_1__2_n_0 |                                   |               12 |             48 |         4.00 |
|  clk_IBUF_BUFG    | ram10/RAM_reg_256_511_0_0_i_1__6_n_0   |                                   |               12 |             48 |         4.00 |
|  clk_IBUF_BUFG    | ram10/RAM_reg_2304_2559_0_0_i_1__2_n_0 |                                   |               12 |             48 |         4.00 |
|  clk_IBUF_BUFG    | ram10/RAM_reg_2048_2303_0_0_i_1__2_n_0 |                                   |               12 |             48 |         4.00 |
|  clk_IBUF_BUFG    | ram10/RAM_reg_1792_2047_0_0_i_1__3_n_0 |                                   |               12 |             48 |         4.00 |
|  clk_IBUF_BUFG    | ram10/RAM_reg_512_767_0_0_i_1__6_n_0   |                                   |               12 |             48 |         4.00 |
|  clk_IBUF_BUFG    | ram10/RAM_reg_768_1023_0_0_i_1__4_n_0  |                                   |               12 |             48 |         4.00 |
|  clk_IBUF_BUFG    | ram6/RAM_reg_4864_5119_0_0_i_1_n_0     |                                   |               12 |             48 |         4.00 |
|  clk_IBUF_BUFG    | ram9/RAM_reg_0_255_0_0_i_1__5_n_0      |                                   |               12 |             48 |         4.00 |
|  clk_IBUF_BUFG    | ram9/RAM_reg_256_511_0_0_i_1__5_n_0    |                                   |               12 |             48 |         4.00 |
|  clk_IBUF_BUFG    | ram6/RAM_reg_4608_4863_0_0_i_1_n_0     |                                   |               12 |             48 |         4.00 |
|  clk_IBUF_BUFG    | ram6/RAM_reg_4352_4607_0_0_i_1_n_0     |                                   |               12 |             48 |         4.00 |
|  clk_IBUF_BUFG    | ram9/RAM_reg_512_767_0_0_i_1__5_n_0    |                                   |               12 |             48 |         4.00 |
|  clk_IBUF_BUFG    | ram9/RAM_reg_768_1023_0_0_i_1__3_n_0   |                                   |               12 |             48 |         4.00 |
|  clk_IBUF_BUFG    | ram7/RAM_reg_3072_3327_0_0_i_1__1_n_0  |                                   |               12 |             48 |         4.00 |
|  clk_IBUF_BUFG    | ram7/RAM_reg_3584_3839_0_0_i_1__1_n_0  |                                   |               12 |             48 |         4.00 |
|  clk_IBUF_BUFG    | ram7/RAM_reg_3840_4095_0_0_i_1__1_n_0  |                                   |               12 |             48 |         4.00 |
|  clk_IBUF_BUFG    | ram7/RAM_reg_3328_3583_0_0_i_1__1_n_0  |                                   |               12 |             48 |         4.00 |
|  clk_IBUF_BUFG    | ram7/RAM_reg_2816_3071_0_0_i_1__1_n_0  |                                   |               12 |             48 |         4.00 |
|  clk_IBUF_BUFG    | ram7/RAM_reg_4352_4607_0_0_i_1__0_n_0  |                                   |               12 |             48 |         4.00 |
|  clk_IBUF_BUFG    | ram6/RAM_reg_4096_4351_0_0_i_1__0_n_0  |                                   |               12 |             48 |         4.00 |
|  clk_IBUF_BUFG    | ram7/RAM_reg_4864_5119_0_0_i_1__0_n_0  |                                   |               12 |             48 |         4.00 |
|  clk_IBUF_BUFG    | ram7/RAM_reg_4096_4351_0_0_i_1__1_n_0  |                                   |               12 |             48 |         4.00 |
|  clk_IBUF_BUFG    | ram7/RAM_reg_5376_5631_0_0_i_1__0_n_0  |                                   |               12 |             48 |         4.00 |
|  clk_IBUF_BUFG    | ram7/RAM_reg_512_767_0_0_i_1__3_n_0    |                                   |               12 |             48 |         4.00 |
|  clk_IBUF_BUFG    | ram7/RAM_reg_5120_5375_0_0_i_1__0_n_0  |                                   |               12 |             48 |         4.00 |
|  clk_IBUF_BUFG    | ram7/RAM_reg_768_1023_0_0_i_1__1_n_0   |                                   |               12 |             48 |         4.00 |
|  clk_IBUF_BUFG    | ram8/RAM_reg_1280_1535_0_0_i_1__2_n_0  |                                   |               12 |             48 |         4.00 |
|  clk_IBUF_BUFG    | ram6/RAM_reg_3840_4095_0_0_i_1__0_n_0  |                                   |               12 |             48 |         4.00 |
|  clk_IBUF_BUFG    | ram8/RAM_reg_0_255_0_0_i_1__4_n_0      |                                   |               12 |             48 |         4.00 |
|  clk_IBUF_BUFG    | ram6/RAM_reg_3328_3583_0_0_i_1__0_n_0  |                                   |               12 |             48 |         4.00 |
|  clk_IBUF_BUFG    | ram8/RAM_reg_1024_1279_0_0_i_1__2_n_0  |                                   |               12 |             48 |         4.00 |
|  clk_IBUF_BUFG    | ram8/RAM_reg_768_1023_0_0_i_1__2_n_0   |                                   |               12 |             48 |         4.00 |
|  clk_IBUF_BUFG    | ram8/RAM_reg_256_511_0_0_i_1__4_n_0    |                                   |               12 |             48 |         4.00 |
|  clk_IBUF_BUFG    | ram8/RAM_reg_512_767_0_0_i_1__4_n_0    |                                   |               12 |             48 |         4.00 |
|  clk_IBUF_BUFG    | ram8/RAM_reg_1792_2047_0_0_i_1__2_n_0  |                                   |               12 |             48 |         4.00 |
|  clk_IBUF_BUFG    | ram8/RAM_reg_1536_1791_0_0_i_1__2_n_0  |                                   |               12 |             48 |         4.00 |
|  clk_IBUF_BUFG    | ram6/RAM_reg_2816_3071_0_0_i_1__0_n_0  |                                   |               12 |             48 |         4.00 |
|  clk_IBUF_BUFG    | ram6/RAM_reg_1792_2047_0_0_i_1__0_n_0  |                                   |               12 |             48 |         4.00 |
|  clk_IBUF_BUFG    | ram6/RAM_reg_3072_3327_0_0_i_1__0_n_0  |                                   |               12 |             48 |         4.00 |
|  clk_IBUF_BUFG    | ram6/RAM_reg_3584_3839_0_0_i_1__0_n_0  |                                   |               12 |             48 |         4.00 |
|  clk_IBUF_BUFG    | ram6/RAM_reg_2560_2815_0_0_i_1__0_n_0  |                                   |               12 |             48 |         4.00 |
|  clk_IBUF_BUFG    | ram6/RAM_reg_2048_2303_0_0_i_1__0_n_0  |                                   |               12 |             48 |         4.00 |
|  clk_IBUF_BUFG    | ram7/RAM_reg_4608_4863_0_0_i_1__0_n_0  |                                   |               12 |             48 |         4.00 |
|  clk_IBUF_BUFG    | ram6/RAM_reg_2304_2559_0_0_i_1__0_n_0  |                                   |               12 |             48 |         4.00 |
|  clk_IBUF_BUFG    | ram6/RAM_reg_256_511_0_0_i_1__2_n_0    |                                   |               12 |             48 |         4.00 |
|  clk_IBUF_BUFG    | ram6/RAM_reg_1536_1791_0_0_i_1__0_n_0  |                                   |               12 |             48 |         4.00 |
|  clk_IBUF_BUFG    | ram6/RAM_reg_1024_1279_0_0_i_1__0_n_0  |                                   |               12 |             48 |         4.00 |
|  clk_IBUF_BUFG    | ram6/RAM_reg_0_255_0_0_i_1__2_n_0      |                                   |               12 |             48 |         4.00 |
|  clk_IBUF_BUFG    | ram6/RAM_reg_1280_1535_0_0_i_1__0_n_0  |                                   |               12 |             48 |         4.00 |
|  clk_IBUF_BUFG    | ram5/RAM_reg_512_767_0_0_i_1__1_n_0    |                                   |               12 |             48 |         4.00 |
|  clk_IBUF_BUFG    |                                        |                                   |               23 |             51 |         2.22 |
|  clk_IBUF_BUFG    | BALL_HPOS_R[8]_i_1_n_0                 | BALL_VPOS_TOP0                    |               29 |             52 |         1.79 |
|  clk_IBUF_BUFG    |                                        | vs0/h_count_reg_reg[9]_4          |               37 |             95 |         2.57 |
|  clk_IBUF_BUFG    |                                        | vs0/reset_n_4                     |               51 |             95 |         1.86 |
|  clk_IBUF_BUFG    |                                        | usr_sw_IBUF[3]                    |               79 |             96 |         1.22 |
|  clk_IBUF_BUFG    | BALL_VPOS_TOP_CAL                      |                                   |               24 |             96 |         4.00 |
+-------------------+----------------------------------------+-----------------------------------+------------------+----------------+--------------+


